main.c:80:5:main	8	static
main.c:137:6:SystemClock_Config	88	static
main.c:182:13:MX_TIM1_Init	96	static
main.c:257:13:MX_TIM2_Init	56	static
main.c:306:13:MX_TIM5_Init	32	static
main.c:351:13:MX_USART2_UART_Init	8	static
main.c:382:13:MX_DMA_Init	16	static
main.c:400:13:MX_GPIO_Init	48	static
main.c:444:6:uartprotocol	8	static
main.c:513:6:HAL_TIM_PeriodElapsedCallback	16	static
main.c:524:10:aaabs	16	static
main.c:534:6:Drivemotor	24	static
main.c:561:6:Error_Handler	4	static,ignoring_inline_asm
